≡ƒº¬ TESTING MODULE 2: VIRTUAL FOREST ENGINE

============================================================

Γ£ô TEST 1: Login Teacher Account
   ΓåÆ No existing account, registering...
